
> frontend@1.0.0 dev
> vite


  VITE v8.0.13  ready in 204 ms

  ➜  Local:   http://localhost:5173/
  ➜  Network: use --host to expose
12:22:55 AM [vite] (client) page reload index.html
12:23:41 AM [vite] (client) hmr update /src/App.css
12:25:27 AM [vite] (client) hmr update /src/components/ScheduleView.jsx
12:25:27 AM [vite] (client) ✨ new dependencies optimized: @fullcalendar/daygrid
12:25:27 AM [vite] (client) ✨ optimized dependencies changed. reloading
12:25:34 AM [vite] (client) hmr update /src/App.jsx
12:25:35 AM [vite] (client) hmr update /src/components/AddTaskForm.jsx
12:25:35 AM [vite] (client) hmr update /src/components/ChatPanel.jsx
12:33:57 AM [vite] (client) hmr update /src/components/AddTaskForm.jsx
12:34:08 AM [vite] (client) hmr update /src/components/ScheduleView.jsx
12:34:15 AM [vite] (client) hmr update /src/components/ChatPanel.jsx
12:34:42 AM [vite] (client) hmr update /src/App.jsx
12:35:08 AM [vite] (client) hmr update /src/App.jsx
12:35:26 AM [vite] (client) hmr update /src/components/ChatPanel.jsx
12:35:40 AM [vite] (client) hmr update /src/App.css
12:40:42 AM [vite] (client) hmr update /src/components/ScheduleView.jsx
12:40:47 AM [vite] (client) hmr update /src/components/ScheduleView.jsx
12:53:04 AM [vite] (client) hmr update /src/components/ChatPanel.jsx
12:53:23 AM [vite] (client) hmr update /src/components/ScheduleView.jsx
1:00:23 AM [vite] (client) hmr update /src/components/AddTaskForm.jsx
